src/components/analytics/Chart.tsx(64,13): error TS2322: Type 'Element | null' is not assignable to type 'ReactElement<any, string | JSXElementConstructor<any>>'.
  Type 'null' is not assignable to type 'ReactElement<any, string | JSXElementConstructor<any>>'.
src/components/calls/CallChatSidebar.tsx(6,16): error TS6133: 'X' is declared but its value is never read.
src/components/calls/CallChatSidebar.tsx(27,35): error TS6133: 'callId' is declared but its value is never read.
src/components/calls/CallControls.tsx(19,11): error TS6133: 'localSessionId' is declared but its value is never read.
src/components/calls/CallControls.tsx(20,11): error TS6198: All destructured elements are unused.
src/components/calls/ParticipantList.tsx(27,11): error TS6133: 'dailyParticipantIds' is declared but its value is never read.
src/components/calls/ParticipantTile.tsx(3,10): error TS6133: 'Mic' is declared but its value is never read.
src/components/calls/ParticipantTile.tsx(11,46): error TS6133: 'isScreenShare' is declared but its value is never read.
src/components/chat/ChatWindow.tsx(25,81): error TS18047: 'user' is possibly 'null'.
src/components/chat/RealTimeChat.tsx(30,38): error TS18047: 'user' is possibly 'null'.
src/components/chat/RealTimeChat.tsx(30,120): error TS18047: 'user' is possibly 'null'.
src/components/chat/RealTimeChat.tsx(36,29): error TS2352: Conversion of type '{ channel_id: string; content: string; created_at: string; id: string; read_at: string | null; recipient_id: string; sender_id: string; }[]' to type 'Message[]' may be a mistake because neither type sufficiently overlaps with the other. If this was intentional, convert the expression to 'unknown' first.
  Property 'receiver_id' is missing in type '{ channel_id: string; content: string; created_at: string; id: string; read_at: string | null; recipient_id: string; sender_id: string; }' but required in type 'Message'.
src/components/chat/RealTimeChat.tsx(49,15): error TS6133: 'subscription' is declared but its value is never read.
src/components/chat/RealTimeChat.tsx(51,64): error TS18047: 'user' is possibly 'null'.
src/components/chat/RealTimeChat.tsx(51,120): error TS18047: 'user' is possibly 'null'.
src/components/chat/RealTimeChat.tsx(57,9): error TS2322: Type 'RealtimeChannel' is not assignable to type 'null'.
src/components/chat/RealTimeChat.tsx(62,17): error TS18047: 'user' is possibly 'null'.
src/components/chat/RealTimeChat.tsx(73,73): error TS2769: No overload matches this call.
  Overload 1 of 2, '(values: { channel_id: string; content: string; created_at?: string | undefined; id?: string | undefined; read_at?: string | null | undefined; recipient_id: string; sender_id: string; }, options?: { ...; } | undefined): PostgrestFilterBuilder<...>', gave the following error.
    Argument of type '{ sender_id: string; receiver_id: string; content: string; }' is not assignable to parameter of type '{ channel_id: string; content: string; created_at?: string | undefined; id?: string | undefined; read_at?: string | null | undefined; recipient_id: string; sender_id: string; }'.
      Type '{ sender_id: string; receiver_id: string; content: string; }' is missing the following properties from type '{ channel_id: string; content: string; created_at?: string | undefined; id?: string | undefined; read_at?: string | null | undefined; recipient_id: string; sender_id: string; }': channel_id, recipient_id
  Overload 2 of 2, '(values: { channel_id: string; content: string; created_at?: string | undefined; id?: string | undefined; read_at?: string | null | undefined; recipient_id: string; sender_id: string; }[], options?: { ...; } | undefined): PostgrestFilterBuilder<...>', gave the following error.
    Argument of type '{ sender_id: string; receiver_id: string; content: string; }' is not assignable to parameter of type '{ channel_id: string; content: string; created_at?: string | undefined; id?: string | undefined; read_at?: string | null | undefined; recipient_id: string; sender_id: string; }[]'.
      Type '{ sender_id: string; receiver_id: string; content: string; }' is missing the following properties from type '{ channel_id: string; content: string; created_at?: string | undefined; id?: string | undefined; read_at?: string | null | undefined; recipient_id: string; sender_id: string; }[]': length, pop, push, concat, and 28 more.
src/components/chat/VideoChat.tsx(17,21): error TS6133: 'roomId' is declared but its value is never read.
src/components/dashboard/ActivityFeed.tsx(7,1): error TS6192: All imports in import declaration are unused.
src/components/dashboard/ActivityFeed.tsx(16,3): error TS6133: 'Briefcase' is declared but its value is never read.
src/components/dashboard/ActivityFeed.tsx(63,15): error TS2769: No overload matches this call.
  Overload 1 of 2, '(relation: "calls" | "discussion_rooms" | "profiles" | "room_categories" | "jobs" | "posts" | "project_space_messages" | "conversations" | "post_comments" | "projects" | "film_reviews" | ... 39 more ... | "vendors"): PostgrestQueryBuilder<...>', gave the following error.
    Argument of type '"user_activities"' is not assignable to parameter of type '"calls" | "discussion_rooms" | "profiles" | "room_categories" | "jobs" | "posts" | "project_space_messages" | "conversations" | "post_comments" | "projects" | "film_reviews" | ... 39 more ... | "vendors"'.
  Overload 2 of 2, '(relation: never): PostgrestQueryBuilder<{ PostgrestVersion: "12.2.3 (519615d)"; }, { Tables: { announcements: { Row: { author_id: string | null; content: string; id: string; posted_at: string; title: string; }; Insert: { ...; }; Update: { ...; }; Relationships: []; }; ... 49 more ...; vendors: { ...; }; }; Views: {}; Functions: { ...; }; Enums: { ...; }; CompositeTypes: {}; }, never, never, never>', gave the following error.
    Argument of type '"user_activities"' is not assignable to parameter of type 'never'.
src/components/dashboard/ActivityFeed.tsx(65,24): error TS2345: Argument of type 'string | undefined' is not assignable to parameter of type '{}'.
  Type 'undefined' is not assignable to type '{}'.
src/components/dashboard/ActivityFeed.tsx(70,21): error TS2345: Argument of type '({ avatar_url: string | null; bio: string | null; craft: string | null; experience: string | null; full_name: string | null; id: string; instagram_url: string | null; location: string | null; ... 6 more ...; youtube_url: string | null; } | ... 49 more ... | { ...; })[]' is not assignable to parameter of type 'SetStateAction<Activity[]>'.
  Type '({ avatar_url: string | null; bio: string | null; craft: string | null; experience: string | null; full_name: string | null; id: string; instagram_url: string | null; location: string | null; ... 6 more ...; youtube_url: string | null; } | ... 49 more ... | { ...; })[]' is not assignable to type 'Activity[]'.
    Type '{ avatar_url: string | null; bio: string | null; craft: string | null; experience: string | null; full_name: string | null; id: string; instagram_url: string | null; location: string | null; ... 6 more ...; youtube_url: string | null; } | ... 49 more ... | { ...; }' is not assignable to type 'Activity'.
      Type '{ avatar_url: string | null; bio: string | null; craft: string | null; experience: string | null; full_name: string | null; id: string; instagram_url: string | null; location: string | null; ... 6 more ...; youtube_url: string | null; }' is missing the following properties from type 'Activity': activity_type, activity_data, created_at, is_read
src/components/dashboard/ActivityFeed.tsx(81,15): error TS2769: No overload matches this call.
  Overload 1 of 2, '(relation: "calls" | "discussion_rooms" | "profiles" | "room_categories" | "jobs" | "posts" | "project_space_messages" | "conversations" | "post_comments" | "projects" | "film_reviews" | ... 39 more ... | "vendors"): PostgrestQueryBuilder<...>', gave the following error.
    Argument of type '"user_activities"' is not assignable to parameter of type '"calls" | "discussion_rooms" | "profiles" | "room_categories" | "jobs" | "posts" | "project_space_messages" | "conversations" | "post_comments" | "projects" | "film_reviews" | ... 39 more ... | "vendors"'.
  Overload 2 of 2, '(relation: never): PostgrestQueryBuilder<{ PostgrestVersion: "12.2.3 (519615d)"; }, { Tables: { announcements: { Row: { author_id: string | null; content: string; id: string; posted_at: string; title: string; }; Insert: { ...; }; Update: { ...; }; Relationships: []; }; ... 49 more ...; vendors: { ...; }; }; Views: {}; Functions: { ...; }; Enums: { ...; }; CompositeTypes: {}; }, never, never, never>', gave the following error.
    Argument of type '"user_activities"' is not assignable to parameter of type 'never'.
src/components/dashboard/ProjectRecommendations.tsx(44,19): error TS2345: Argument of type 'string | undefined' is not assignable to parameter of type 'string'.
  Type 'undefined' is not assignable to type 'string'.
src/components/dashboard/QuickActions.tsx(2,1): error TS6192: All imports in import declaration are unused.
src/components/discussions/CallParticipants.tsx(2,1): error TS6133: 'Badge' is declared but its value is never read.
src/components/discussions/OnlinePresence.tsx(10,11): error TS6196: 'PresenceUser' is declared but never used.
src/components/discussions/VideoCallManager.tsx(2,20): error TS6133: 'useCallback' is declared but its value is never read.
src/components/discussions/VideoCallManager.tsx(6,1): error TS6133: 'Button' is declared but its value is never read.
src/components/discussions/VideoCallManager.tsx(7,1): error TS6192: All imports in import declaration are unused.
src/components/discussions/VideoCallManager.tsx(16,10): error TS6133: 'isJoining' is declared but its value is never read.
src/components/discussions/VideoCallManager.tsx(19,9): error TS6133: 'startCall' is declared but its value is never read.
src/components/discussions/VideoCallManager.tsx(30,21): error TS2352: Conversion of type 'string' to type 'Call' may be a mistake because neither type sufficiently overlaps with the other. If this was intentional, convert the expression to 'unknown' first.
src/components/discussions/VideoCallManager.tsx(38,9): error TS6133: 'joinCall' is declared but its value is never read.
src/components/feed/CraftFilters.tsx(2,1): error TS6133: 'useState' is declared but its value is never read.
src/components/feed/DiscussionRoomCard.tsx(139,16): error TS2741: Property 'roomType' is missing in type '{ roomId: string; userRole: "member"; roomTitle: string; roomDescription: string; categoryId: string; categories: Category[]; onClose: () => void; onRoomUpdated: (roomId: string, newTitle: string, newDescription: string) => void; }' but required in type 'DiscussionChatInterfaceProps'.
src/components/feed/FollowingFeedTab.tsx(49,27): error TS2345: Argument of type 'Set<string | null>' is not assignable to parameter of type 'SetStateAction<Set<number>>'.
  Type 'Set<string | null>' is not assignable to type 'Set<number>'.
    Type 'string | null' is not assignable to type 'number'.
      Type 'null' is not assignable to type 'number'.
src/components/feed/FollowingFeedTab.tsx(94,9): error TS2367: This comparison appears to be unintentional because the types 'string' and 'number' have no overlap.
src/components/feed/FollowingFeedTab.tsx(94,54): error TS2339: Property 'likes' does not exist on type 'Post'.
src/components/feed/FollowingFeedTab.tsx(106,54): error TS2769: No overload matches this call.
  Overload 1 of 2, '(values: { created_at?: string | null | undefined; id?: string | undefined; post_id?: string | null | undefined; user_id?: string | null | undefined; }, options?: { count?: "exact" | "planned" | "estimated" | undefined; } | undefined): PostgrestFilterBuilder<...>', gave the following error.
    Type 'number' is not assignable to type 'string'.
  Overload 2 of 2, '(values: { created_at?: string | null | undefined; id?: string | undefined; post_id?: string | null | undefined; user_id?: string | null | undefined; }[], options?: { count?: "exact" | "planned" | "estimated" | undefined; defaultToNull?: boolean | undefined; } | undefined): PostgrestFilterBuilder<...>', gave the following error.
    Object literal may only specify known properties, and 'post_id' does not exist in type '{ created_at?: string | null | undefined; id?: string | undefined; post_id?: string | null | undefined; user_id?: string | null | undefined; }[]'.
src/components/feed/FollowingFeedTab.tsx(112,11): error TS2367: This comparison appears to be unintentional because the types 'string' and 'number' have no overlap.
src/components/feed/FollowingFeedTab.tsx(112,56): error TS2339: Property 'likes' does not exist on type 'Post'.
src/components/feed/FollowingFeedTab.tsx(145,40): error TS2339: Property 'author' does not exist on type 'Post'.
src/components/feed/FollowingFeedTab.tsx(145,66): error TS2339: Property 'author' does not exist on type 'Post'.
src/components/feed/FollowingFeedTab.tsx(146,39): error TS2339: Property 'author' does not exist on type 'Post'.
src/components/feed/FollowingFeedTab.tsx(149,52): error TS2339: Property 'author' does not exist on type 'Post'.
src/components/feed/FollowingFeedTab.tsx(158,113): error TS2345: Argument of type 'string' is not assignable to parameter of type 'number'.
src/components/feed/FollowingFeedTab.tsx(158,149): error TS2345: Argument of type 'string' is not assignable to parameter of type 'number'.
src/components/feed/FollowingFeedTab.tsx(159,60): error TS2345: Argument of type 'string' is not assignable to parameter of type 'number'.
src/components/feed/FollowingFeedTab.tsx(159,105): error TS2339: Property 'likes' does not exist on type 'Post'.
src/components/feed/FollowingFeedTab.tsx(161,117): error TS2345: Argument of type 'string' is not assignable to parameter of type 'number'.
src/components/feed/FollowingFeedTab.tsx(162,53): error TS2551: Property 'comments_count' does not exist on type 'Post'. Did you mean 'comment_count'?
src/components/feed/FollowingFeedTab.tsx(165,16): error TS2741: Property 'shareCount' is missing in type '{ postId: string; }' but required in type '{ postId: string; shareCount: number; }'.
src/components/feed/FollowingFeedTab.tsx(167,27): error TS7015: Element implicitly has an 'any' type because index expression is not of type 'number'.
src/components/landing/EnhancedHero.tsx(5,9): error TS6133: 'stats' is declared but its value is never read.
src/components/messages/ChatWindow.tsx(63,11): error TS2322: Type '{ full_name: string | null; avatar_url: string | null; } | null' is not assignable to type '{ full_name: string; avatar_url: string; } | null'.
  Type '{ full_name: string | null; avatar_url: string | null; }' is not assignable to type '{ full_name: string; avatar_url: string; }'.
    Types of property 'full_name' are incompatible.
      Type 'string | null' is not assignable to type 'string'.
        Type 'null' is not assignable to type 'string'.
src/components/messages/ChatWindow.tsx(83,7): error TS2769: No overload matches this call.
  Overload 1 of 2, '(values: { content: string; conversation_id: string; created_at?: string | undefined; id?: string | undefined; is_read?: boolean | null | undefined; sender_id: string; }, options?: { count?: "exact" | "planned" | "estimated" | undefined; } | undefined): PostgrestFilterBuilder<...>', gave the following error.
    Object literal may only specify known properties, and 'thread_id' does not exist in type '{ content: string; conversation_id: string; created_at?: string | undefined; id?: string | undefined; is_read?: boolean | null | undefined; sender_id: string; }'.
  Overload 2 of 2, '(values: { content: string; conversation_id: string; created_at?: string | undefined; id?: string | undefined; is_read?: boolean | null | undefined; sender_id: string; }[], options?: { count?: "exact" | "planned" | "estimated" | undefined; defaultToNull?: boolean | undefined; } | undefined): PostgrestFilterBuilder<...>', gave the following error.
    Object literal may only specify known properties, and 'thread_id' does not exist in type '{ content: string; conversation_id: string; created_at?: string | undefined; id?: string | undefined; is_read?: boolean | null | undefined; sender_id: string; }[]'.
src/components/messages/ConversationList.tsx(41,50): error TS2345: Argument of type '"get_user_message_threads"' is not assignable to parameter of type '"create_discussion_room_with_creator" | "end_call" | "get_listing_with_rating" | "get_messages_for_channel" | "get_scored_feed" | "get_user_conversations" | "get_user_conversations_with_profiles" | ... 10 more ... | "start_call"'.
src/components/messages/ConversationList.tsx(46,20): error TS2345: Argument of type '{ last_message_content: string; last_message_created_at: string; other_user_avatar_url: string; other_user_full_name: string; other_user_id: string; unread_count: number; }[]' is not assignable to parameter of type 'SetStateAction<Thread[]>'.
  Type '{ last_message_content: string; last_message_created_at: string; other_user_avatar_url: string; other_user_full_name: string; other_user_id: string; unread_count: number; }[]' is not assignable to type 'Thread[]'.
    Type '{ last_message_content: string; last_message_created_at: string; other_user_avatar_url: string; other_user_full_name: string; other_user_id: string; unread_count: number; }' is missing the following properties from type 'Thread': id, last_message, participants
src/components/moderation/ContentModerationDashboard.tsx(16,17): error TS2769: No overload matches this call.
  Overload 1 of 2, '(relation: "calls" | "discussion_rooms" | "profiles" | "room_categories" | "jobs" | "posts" | "project_space_messages" | "conversations" | "post_comments" | "projects" | "film_reviews" | ... 39 more ... | "vendors"): PostgrestQueryBuilder<...>', gave the following error.
    Argument of type '"content_moderation"' is not assignable to parameter of type '"calls" | "discussion_rooms" | "profiles" | "room_categories" | "jobs" | "posts" | "project_space_messages" | "conversations" | "post_comments" | "projects" | "film_reviews" | ... 39 more ... | "vendors"'.
  Overload 2 of 2, '(relation: never): PostgrestQueryBuilder<{ PostgrestVersion: "12.2.3 (519615d)"; }, { Tables: { announcements: { Row: { author_id: string | null; content: string; id: string; posted_at: string; title: string; }; Insert: { ...; }; Update: { ...; }; Relationships: []; }; ... 49 more ...; vendors: { ...; }; }; Views: {}; Functions: { ...; }; Enums: { ...; }; CompositeTypes: {}; }, never, never, never>', gave the following error.
    Argument of type '"content_moderation"' is not assignable to parameter of type 'never'.
src/components/MovieRating.tsx(2,1): error TS6133: 'React' is declared but its value is never read.
src/components/navbar/MobileMenu.tsx(3,23): error TS6133: 'Settings' is declared but its value is never read.
src/components/navbar/SearchDialog.tsx(52,13): error TS6133: 'queryLower' is declared but its value is never read.
src/components/navbar/SearchDialog.tsx(72,66): error TS2339: Property 'id' does not exist on type 'SelectQueryError<"column 'status' does not exist on 'project_spaces'.">'.
src/components/navbar/SearchDialog.tsx(72,79): error TS2339: Property 'name' does not exist on type 'SelectQueryError<"column 'status' does not exist on 'project_spaces'.">'.
src/components/navbar/SearchDialog.tsx(72,108): error TS2339: Property 'status' does not exist on type 'SelectQueryError<"column 'status' does not exist on 'project_spaces'.">'.
src/components/notifications/EnhancedNotificationsCenter.tsx(2,1): error TS6192: All imports in import declaration are unused.
src/components/notifications/EnhancedNotificationsCenter.tsx(3,1): error TS6192: All imports in import declaration are unused.
src/components/notifications/EnhancedNotificationsCenter.tsx(5,1): error TS6133: 'Button' is declared but its value is never read.
src/components/notifications/EnhancedNotificationsCenter.tsx(6,1): error TS6133: 'Badge' is declared but its value is never read.
src/components/notifications/EnhancedNotificationsCenter.tsx(7,1): error TS6133: 'ScrollArea' is declared but its value is never read.
src/components/notifications/EnhancedNotificationsCenter.tsx(8,1): error TS6192: All imports in import declaration are unused.
src/components/notifications/EnhancedNotificationsCenter.tsx(30,21): error TS6133: 'setActiveTab' is declared but its value is never read.
src/components/notifications/EnhancedNotificationsCenter.tsx(31,10): error TS6133: 'unreadCount' is declared but its value is never read.
src/components/notifications/EnhancedNotificationsCenter.tsx(64,28): error TS2345: Argument of type '{ action_url: string | null; created_at: string; expires_at: string | null; id: string; is_actionable: boolean | null; is_read: boolean | null; message: string; metadata: Json; ... 7 more ...; user_id: string; }[]' is not assignable to parameter of type 'SetStateAction<Notification[]>'.
  Type '{ action_url: string | null; created_at: string; expires_at: string | null; id: string; is_actionable: boolean | null; is_read: boolean | null; message: string; metadata: Json; ... 7 more ...; user_id: string; }[]' is not assignable to type 'Notification[]'.
    Type '{ action_url: string | null; created_at: string; expires_at: string | null; id: string; is_actionable: boolean | null; is_read: boolean | null; message: string; metadata: Json; ... 7 more ...; user_id: string; }' is not assignable to type 'Notification'.
      Types of property 'action_url' are incompatible.
        Type 'string | null' is not assignable to type 'string | undefined'.
          Type 'null' is not assignable to type 'string | undefined'.
src/components/notifications/EnhancedNotificationsCenter.tsx(130,9): error TS6133: 'markAsRead' is declared but its value is never read.
src/components/notifications/EnhancedNotificationsCenter.tsx(155,9): error TS6133: 'markAllAsRead' is declared but its value is never read.
src/components/notifications/EnhancedNotificationsCenter.tsx(187,9): error TS6133: 'deleteNotification' is declared but its value is never read.
src/components/notifications/EnhancedNotificationsCenter.tsx(201,9): error TS6133: 'getNotificationIcon' is declared but its value is never read.
src/components/notifications/EnhancedNotificationsCenter.tsx(215,9): error TS6133: 'getPriorityColor' is declared but its value is never read.
src/components/notifications/EnhancedNotificationsCenter.tsx(239,9): error TS6133: 'filteredNotifications' is declared but its value is never read.
src/components/performance/VirtualizedList.tsx(1,27): error TS6133: 'useEffect' is declared but its value is never read.
src/components/portfolio/PortfolioGrid.tsx(4,16): error TS6133: 'Trash2' is declared but its value is never read.
src/components/portfolio/PortfolioGrid.tsx(59,25): error TS2345: Argument of type '{ completion_date: string | null; created_at: string; description: string | null; id: string; is_featured: boolean | null; media_type: string | null; media_url: string | null; project_type: string | null; ... 4 more ...; user_id: string; }[]' is not assignable to parameter of type 'SetStateAction<PortfolioItemData[]>'.
  Type '{ completion_date: string | null; created_at: string; description: string | null; id: string; is_featured: boolean | null; media_type: string | null; media_url: string | null; project_type: string | null; ... 4 more ...; user_id: string; }[]' is not assignable to type 'PortfolioItemData[]'.
    Type '{ completion_date: string | null; created_at: string; description: string | null; id: string; is_featured: boolean | null; media_type: string | null; media_url: string | null; project_type: string | null; ... 4 more ...; user_id: string; }' is not assignable to type 'PortfolioItemData'.
      Types of property 'description' are incompatible.
        Type 'string | null' is not assignable to type 'string | undefined'.
          Type 'null' is not assignable to type 'string | undefined'.
src/components/portfolio/PortfolioGrid.tsx(164,95): error TS2322: Type '(savedItem: PortfolioItemData) => void' is not assignable to type '(item: PortfolioItemData) => void'.
  Types of parameters 'savedItem' and 'item' are incompatible.
    Property 'user_id' is missing in type 'PortfolioItemData' but required in type 'PortfolioItemData'.
src/components/portfolio/PortfolioItem.tsx(2,16): error TS6133: 'CardContent' is declared but its value is never read.
src/components/portfolio/PortfolioItem.tsx(2,29): error TS6133: 'CardFooter' is declared but its value is never read.
src/components/profile/Experience.tsx(5,1): error TS6133: 'Input' is declared but its value is never read.
src/components/profile/Experience.tsx(6,1): error TS6133: 'Textarea' is declared but its value is never read.
src/components/profile/Experience.tsx(7,1): error TS6133: 'Checkbox' is declared but its value is never read.
src/components/profile/Experience.tsx(14,26): error TS2344: Type '"user_experience"' does not satisfy the constraint '"discussion_rooms" | "profiles" | "room_categories" | "posts" | "conversations" | "post_comments" | "projects" | "announcements" | "call_participants" | "direct_messages" | ... 26 more ... | "user_engagement_scores"'.
src/components/profile/Experience.tsx(15,32): error TS2344: Type '"user_experience"' does not satisfy the constraint '"discussion_rooms" | "profiles" | "room_categories" | "posts" | "conversations" | "post_comments" | "projects" | "announcements" | "call_participants" | "direct_messages" | ... 26 more ... | "user_engagement_scores"'.
src/components/profile/Experience.tsx(21,5): error TS2353: Object literal may only specify known properties, and 'user_id' does not exist in type '() => never'.
src/components/profile/Experience.tsx(22,24): error TS2339: Property 'title' does not exist on type 'never'.
src/components/profile/Experience.tsx(23,26): error TS2339: Property 'company' does not exist on type 'never'.
src/components/profile/Experience.tsx(24,29): error TS2339: Property 'start_date' does not exist on type 'never'.
src/components/profile/Experience.tsx(25,27): error TS2339: Property 'end_date' does not exist on type 'never'.
src/components/profile/Experience.tsx(26,30): error TS2339: Property 'description' does not exist on type 'never'.
src/components/profile/Experience.tsx(29,21): error TS6133: 'setIsCurrent' is declared but its value is never read.
src/components/profile/Experience.tsx(29,59): error TS2339: Property 'end_date' does not exist on type 'never'.
src/components/profile/Experience.tsx(31,9): error TS6133: 'handleInputChange' is declared but its value is never read.
src/components/profile/Experience.tsx(33,25): error TS2322: Type 'any' is not assignable to type 'never'.
src/components/profile/Experience.tsx(33,28): error TS2698: Spread types may only be created from object types.
src/components/profile/Experience.tsx(40,28): error TS2698: Spread types may only be created from object types.
src/components/profile/Experience.tsx(40,79): error TS2339: Property 'end_date' does not exist on type 'never'.
src/components/profile/Experience.tsx(51,14): error TS2345: Argument of type '{ company: string; created_at: string; description: string | null; end_date: string | null; id: number; start_date: string; title: string; user_id: string; }' is not assignable to parameter of type 'never'.
src/components/profile/Experience.tsx(87,25): error TS2345: Argument of type '{ company: string; created_at: string; description: string | null; end_date: string | null; id: number; start_date: string; title: string; user_id: string; }[]' is not assignable to parameter of type 'SetStateAction<never[]>'.
  Type '{ company: string; created_at: string; description: string | null; end_date: string | null; id: number; start_date: string; title: string; user_id: string; }[]' is not assignable to type 'never[]'.
    Type '{ company: string; created_at: string; description: string | null; end_date: string | null; id: number; start_date: string; title: string; user_id: string; }' is not assignable to type 'never'.
src/components/profile/Experience.tsx(94,52): error TS2339: Property 'id' does not exist on type 'never'.
src/components/profile/Experience.tsx(94,68): error TS2339: Property 'id' does not exist on type 'never'.
src/components/profile/Experience.tsx(96,50): error TS2339: Property 'id' does not exist on type 'never'.
src/components/profile/Experience.tsx(96,66): error TS2339: Property 'id' does not exist on type 'never'.
src/components/profile/Experience.tsx(105,51): error TS2339: Property 'id' does not exist on type 'never'.
src/components/profile/Experience.tsx(152,29): error TS2339: Property 'id' does not exist on type 'never'.
src/components/profile/Experience.tsx(156,80): error TS2339: Property 'title' does not exist on type 'never'.
src/components/profile/Experience.tsx(157,75): error TS2339: Property 'company' does not exist on type 'never'.
src/components/profile/Experience.tsx(160,43): error TS2339: Property 'start_date' does not exist on type 'never'.
src/components/profile/Experience.tsx(160,77): error TS2339: Property 'end_date' does not exist on type 'never'.
src/components/profile/Experience.tsx(160,101): error TS2339: Property 'end_date' does not exist on type 'never'.
src/components/profile/Experience.tsx(162,30): error TS2339: Property 'description' does not exist on type 'never'.
src/components/profile/Experience.tsx(162,109): error TS2339: Property 'description' does not exist on type 'never'.
src/components/profile/Experience.tsx(167,97): error TS2339: Property 'id' does not exist on type 'never'.
src/components/profile/Skills.tsx(12,21): error TS2344: Type '"user_skills"' does not satisfy the constraint '"discussion_rooms" | "profiles" | "room_categories" | "posts" | "conversations" | "post_comments" | "projects" | "announcements" | "call_participants" | "direct_messages" | ... 26 more ... | "user_engagement_scores"'.
src/components/profile/Skills.tsx(31,17): error TS2345: Argument of type '{ created_at: string; id: number; skill_name: string; user_id: string; }[]' is not assignable to parameter of type 'SetStateAction<never[]>'.
  Type '{ created_at: string; id: number; skill_name: string; user_id: string; }[]' is not assignable to type 'never[]'.
    Type '{ created_at: string; id: number; skill_name: string; user_id: string; }' is not assignable to type 'never'.
src/components/profile/Skills.tsx(53,36): error TS2339: Property 'skill_name' does not exist on type 'never'.
src/components/profile/Skills.tsx(76,17): error TS2345: Argument of type '(prevSkills: never[]) => { created_at: string; id: number; skill_name: string; user_id: string; }[]' is not assignable to parameter of type 'SetStateAction<never[]>'.
  Type '(prevSkills: never[]) => { created_at: string; id: number; skill_name: string; user_id: string; }[]' is not assignable to type '(prevState: never[]) => never[]'.
    Type '{ created_at: string; id: number; skill_name: string; user_id: string; }[]' is not assignable to type 'never[]'.
      Type '{ created_at: string; id: number; skill_name: string; user_id: string; }' is not assignable to type 'never'.
src/components/profile/Skills.tsx(88,54): error TS2339: Property 'id' does not exist on type 'never'.
src/components/profile/Skills.tsx(137,35): error TS2339: Property 'id' does not exist on type 'never'.
src/components/profile/Skills.tsx(138,26): error TS2339: Property 'skill_name' does not exist on type 'never'.
src/components/profile/Skills.tsx(144,62): error TS2339: Property 'id' does not exist on type 'never'.
src/components/profile/Skills.tsx(144,72): error TS2339: Property 'skill_name' does not exist on type 'never'.
src/components/profile/UserProjects.tsx(44,21): error TS2352: Conversion of type '{ created_at: string; id: string; name: string; project_id: string; updated_at: string; }[]' to type 'Project[]' may be a mistake because neither type sufficiently overlaps with the other. If this was intentional, convert the expression to 'unknown' first.
  Type '{ created_at: string; id: string; name: string; project_id: string; updated_at: string; }' is missing the following properties from type 'Project': description, status, start_date, end_date, and 3 more.
src/components/projects/ProjectApplicationDialog.tsx(40,45): error TS2769: No overload matches this call.
  Overload 1 of 2, '(relation: "calls" | "discussion_rooms" | "profiles" | "room_categories" | "jobs" | "posts" | "project_space_messages" | "conversations" | "post_comments" | "projects" | "film_reviews" | ... 39 more ... | "vendors"): PostgrestQueryBuilder<...>', gave the following error.
    Argument of type '"project_space_join_requests"' is not assignable to parameter of type '"calls" | "discussion_rooms" | "profiles" | "room_categories" | "jobs" | "posts" | "project_space_messages" | "conversations" | "post_comments" | "projects" | "film_reviews" | ... 39 more ... | "vendors"'.
  Overload 2 of 2, '(relation: never): PostgrestQueryBuilder<{ PostgrestVersion: "12.2.3 (519615d)"; }, { Tables: { announcements: { Row: { author_id: string | null; content: string; id: string; posted_at: string; title: string; }; Insert: { ...; }; Update: { ...; }; Relationships: []; }; ... 49 more ...; vendors: { ...; }; }; Views: {}; Functions: { ...; }; Enums: { ...; }; CompositeTypes: {}; }, never, never, never>', gave the following error.
    Argument of type '"project_space_join_requests"' is not assignable to parameter of type 'never'.
src/components/projects/ProjectsLegalDocs.tsx(20,40): error TS2554: Expected 3 arguments, but got 2.
src/components/projects/ProjectsLegalDocs.tsx(53,43): error TS2769: No overload matches this call.
  Overload 1 of 2, '(values: { created_at?: string | undefined; id?: string | undefined; project_id: string; status?: string | null | undefined; title: string; type: string; url?: string | null | undefined; }, options?: { ...; } | undefined): PostgrestFilterBuilder<...>', gave the following error.
    Argument of type '{ name: string; status: string; url: string; room_id: string; }[]' is not assignable to parameter of type '{ created_at?: string | undefined; id?: string | undefined; project_id: string; status?: string | null | undefined; title: string; type: string; url?: string | null | undefined; }'.
      Type '{ name: string; status: string; url: string; room_id: string; }[]' is missing the following properties from type '{ created_at?: string | undefined; id?: string | undefined; project_id: string; status?: string | null | undefined; title: string; type: string; url?: string | null | undefined; }': project_id, title, type
  Overload 2 of 2, '(values: { created_at?: string | undefined; id?: string | undefined; project_id: string; status?: string | null | undefined; title: string; type: string; url?: string | null | undefined; }[], options?: { ...; } | undefined): PostgrestFilterBuilder<...>', gave the following error.
    Object literal may only specify known properties, and 'name' does not exist in type '{ created_at?: string | undefined; id?: string | undefined; project_id: string; status?: string | null | undefined; title: string; type: string; url?: string | null | undefined; }'.
src/components/projects/ProjectsLegalDocs.tsx(71,23): error TS2345: Argument of type 'number' is not assignable to parameter of type 'string'.
src/components/projects/ProjectsLegalDocs.tsx(88,18): error TS18047: 'documents' is possibly 'null'.
src/components/search/AdvancedSearch.tsx(2,26): error TS6133: 'X' is declared but its value is never read.
src/components/search/AdvancedSearch.tsx(2,29): error TS6133: 'Calendar' is declared but its value is never read.
src/components/search/AdvancedSearch.tsx(2,39): error TS6133: 'MapPin' is declared but its value is never read.
src/components/search/AdvancedSearch.tsx(2,47): error TS6133: 'Tag' is declared but its value is never read.
src/components/search/AdvancedSearch.tsx(2,52): error TS6133: 'User' is declared but its value is never read.
src/components/search/AdvancedSearch.tsx(6,1): error TS6133: 'Badge' is declared but its value is never read.
src/components/search/AdvancedSearch.tsx(7,1): error TS6192: All imports in import declaration are unused.
src/components/search/AdvancedSearch.tsx(8,1): error TS6133: 'Separator' is declared but its value is never read.
src/components/search/AdvancedSearch.tsx(9,1): error TS6133: 'Checkbox' is declared but its value is never read.
src/components/search/EnhancedSearch.tsx(2,29): error TS6133: 'Calendar' is declared but its value is never read.
src/components/search/EnhancedSearch.tsx(2,52): error TS6133: 'User' is declared but its value is never read.
src/components/search/EnhancedSearch.tsx(2,58): error TS6133: 'ChevronDown' is declared but its value is never read.
src/components/search/EnhancedSearch.tsx(9,43): error TS6133: 'CollapsibleTrigger' is declared but its value is never read.
src/components/search/EnhancedSearch.tsx(65,9): error TS6133: 'projectStatuses' is declared but its value is never read.
src/components/search/GlobalSearch.tsx(44,61): error TS2698: Spread types may only be created from object types.
src/components/search/SavedSearches.tsx(19,17): error TS2769: No overload matches this call.
  Overload 1 of 2, '(relation: "calls" | "discussion_rooms" | "profiles" | "room_categories" | "jobs" | "posts" | "project_space_messages" | "conversations" | "post_comments" | "projects" | "film_reviews" | ... 39 more ... | "vendors"): PostgrestQueryBuilder<...>', gave the following error.
    Argument of type '"saved_searches"' is not assignable to parameter of type '"calls" | "discussion_rooms" | "profiles" | "room_categories" | "jobs" | "posts" | "project_space_messages" | "conversations" | "post_comments" | "projects" | "film_reviews" | ... 39 more ... | "vendors"'.
  Overload 2 of 2, '(relation: never): PostgrestQueryBuilder<{ PostgrestVersion: "12.2.3 (519615d)"; }, { Tables: { announcements: { Row: { author_id: string | null; content: string; id: string; posted_at: string; title: string; }; Insert: { ...; }; Update: { ...; }; Relationships: []; }; ... 49 more ...; vendors: { ...; }; }; Views: {}; Functions: { ...; }; Enums: { ...; }; CompositeTypes: {}; }, never, never, never>', gave the following error.
    Argument of type '"saved_searches"' is not assignable to parameter of type 'never'.
src/components/StarRating.tsx(25,3): error TS6133: 'type' is declared but its value is never read.
src/components/StarRating.tsx(58,15): error TS2769: No overload matches this call.
  Overload 1 of 2, '(relation: "calls" | "discussion_rooms" | "profiles" | "room_categories" | "jobs" | "posts" | "project_space_messages" | "conversations" | "post_comments" | "projects" | "film_reviews" | ... 39 more ... | "vendors"): PostgrestQueryBuilder<...>', gave the following error.
    Argument of type '"movie_ratings"' is not assignable to parameter of type '"calls" | "discussion_rooms" | "profiles" | "room_categories" | "jobs" | "posts" | "project_space_messages" | "conversations" | "post_comments" | "projects" | "film_reviews" | ... 39 more ... | "vendors"'.
  Overload 2 of 2, '(relation: never): PostgrestQueryBuilder<{ PostgrestVersion: "12.2.3 (519615d)"; }, { Tables: { announcements: { Row: { author_id: string | null; content: string; id: string; posted_at: string; title: string; }; Insert: { ...; }; Update: { ...; }; Relationships: []; }; ... 49 more ...; vendors: { ...; }; }; Views: {}; Functions: { ...; }; Enums: { ...; }; CompositeTypes: {}; }, never, never, never>', gave the following error.
    Argument of type '"movie_ratings"' is not assignable to parameter of type 'never'.
src/components/ui/calendar.tsx(55,20): error TS6133: '_props' is declared but its value is never read.
src/components/ui/calendar.tsx(56,21): error TS6133: '_props' is declared but its value is never read.
src/components/ui/error-boundary.tsx(44,16): error TS2591: Cannot find name 'process'. Do you need to install type definitions for node? Try `npm i --save-dev @types/node` and then add 'node' to the types field in your tsconfig.
src/components/ui/floating-action-button.tsx(1,1): error TS6133: 'Button' is declared but its value is never read.
src/components/ui/floating-action-button.tsx(15,9): error TS6133: 'Icon' is declared but its value is never read.
src/components/ui/floating-action-button.tsx(16,3): error TS6133: 'onClick' is declared but its value is never read.
src/components/ui/floating-action-button.tsx(19,3): error TS6133: 'size' is declared but its value is never read.
src/components/ui/floating-action-button.tsx(20,3): error TS6133: 'variant' is declared but its value is never read.
src/components/ui/floating-action-button.tsx(21,3): error TS6133: 'className' is declared but its value is never read.
src/components/ui/floating-action-button.tsx(30,9): error TS6133: 'sizes' is declared but its value is never read.
src/components/ui/floating-action-button.tsx(35,9): error TS6133: 'variants' is declared but its value is never read.
src/components/ui/mobile-responsive-grid.tsx(52,9): error TS6133: 'stackClass' is declared but its value is never read.
src/components/ui/progress-indicator.tsx(96,25): error TS6133: 'index' is declared but its value is never read.
src/hooks/useCallState.ts(39,15): error TS2769: No overload matches this call.
  Overload 1 of 2, '(relation: "calls" | "discussion_rooms" | "profiles" | "room_categories" | "jobs" | "posts" | "project_space_messages" | "conversations" | "post_comments" | "projects" | "film_reviews" | ... 39 more ... | "vendors"): PostgrestQueryBuilder<...>', gave the following error.
    Argument of type '"room_calls"' is not assignable to parameter of type '"calls" | "discussion_rooms" | "profiles" | "room_categories" | "jobs" | "posts" | "project_space_messages" | "conversations" | "post_comments" | "projects" | "film_reviews" | ... 39 more ... | "vendors"'.
  Overload 2 of 2, '(relation: never): PostgrestQueryBuilder<{ PostgrestVersion: "12.2.3 (519615d)"; }, { Tables: { announcements: { Row: { author_id: string | null; content: string; id: string; posted_at: string; title: string; }; Insert: { ...; }; Update: { ...; }; Relationships: []; }; ... 49 more ...; vendors: { ...; }; }; Views: {}; Functions: { ...; }; Enums: { ...; }; CompositeTypes: {}; }, never, never, never>', gave the following error.
    Argument of type '"room_calls"' is not assignable to parameter of type 'never'.
src/hooks/useCallState.ts(45,25): error TS2339: Property 'call_type' does not exist on type '{ avatar_url: string | null; bio: string | null; craft: string | null; experience: string | null; full_name: string | null; id: string; instagram_url: string | null; location: string | null; ... 6 more ...; youtube_url: string | null; } | ... 49 more ... | { ...; }'.
  Property 'call_type' does not exist on type '{ avatar_url: string | null; bio: string | null; craft: string | null; experience: string | null; full_name: string | null; id: string; instagram_url: string | null; location: string | null; ... 6 more ...; youtube_url: string | null; }'.
src/hooks/useCallState.ts(45,55): error TS2339: Property 'call_type' does not exist on type '{ avatar_url: string | null; bio: string | null; craft: string | null; experience: string | null; full_name: string | null; id: string; instagram_url: string | null; location: string | null; ... 6 more ...; youtube_url: string | null; } | ... 49 more ... | { ...; }'.
  Property 'call_type' does not exist on type '{ avatar_url: string | null; bio: string | null; craft: string | null; experience: string | null; full_name: string | null; id: string; instagram_url: string | null; location: string | null; ... 6 more ...; youtube_url: string | null; }'.
src/hooks/useCallState.ts(46,23): error TS2352: Conversion of type '{ avatar_url: string | null; bio: string | null; craft: string | null; experience: string | null; full_name: string | null; id: string; instagram_url: string | null; location: string | null; ... 6 more ...; youtube_url: string | null; } | ... 49 more ... | { ...; }' to type 'ActiveCall' may be a mistake because neither type sufficiently overlaps with the other. If this was intentional, convert the expression to 'unknown' first.
  Type '{ created_at: string; id: string; role: "admin" | "moderator" | "user"; user_id: string; }' is missing the following properties from type 'ActiveCall': room_id, started_by, call_type, is_active, and 3 more.
src/hooks/useCallState.ts(97,23): error TS2345: Argument of type '{ call_id: string; id: string; joined_at: string; left_at: string | null; user_id: string; }[]' is not assignable to parameter of type 'SetStateAction<CallParticipant[]>'.
  Type '{ call_id: string; id: string; joined_at: string; left_at: string | null; user_id: string; }[]' is not assignable to type 'CallParticipant[]'.
    Type '{ call_id: string; id: string; joined_at: string; left_at: string | null; user_id: string; }' is missing the following properties from type 'CallParticipant': is_audio_enabled, is_video_enabled
src/hooks/useCallState.ts(146,15): error TS2769: No overload matches this call.
  Overload 1 of 2, '(relation: "calls" | "discussion_rooms" | "profiles" | "room_categories" | "jobs" | "posts" | "project_space_messages" | "conversations" | "post_comments" | "projects" | "film_reviews" | ... 39 more ... | "vendors"): PostgrestQueryBuilder<...>', gave the following error.
    Argument of type '"room_calls"' is not assignable to parameter of type '"calls" | "discussion_rooms" | "profiles" | "room_categories" | "jobs" | "posts" | "project_space_messages" | "conversations" | "post_comments" | "projects" | "film_reviews" | ... 39 more ... | "vendors"'.
  Overload 2 of 2, '(relation: never): PostgrestQueryBuilder<{ PostgrestVersion: "12.2.3 (519615d)"; }, { Tables: { announcements: { Row: { author_id: string | null; content: string; id: string; posted_at: string; title: string; }; Insert: { ...; }; Update: { ...; }; Relationships: []; }; ... 49 more ...; vendors: { ...; }; }; Views: {}; Functions: { ...; }; Enums: { ...; }; CompositeTypes: {}; }, never, never, never>', gave the following error.
    Argument of type '"room_calls"' is not assignable to parameter of type 'never'.
src/hooks/useCallState.ts(147,10): error TS2769: No overload matches this call.
  Overload 1 of 2, '(values: { author_id?: string | null | undefined; content: string; id?: string | undefined; posted_at?: string | undefined; title: string; } | { amount?: number | undefined; category: string; ... 4 more ...; status?: string | ... 1 more ... | undefined; } | ... 48 more ... | { ...; }, options?: { ...; } | undefined): PostgrestFilterBuilder<...>', gave the following error.
    Object literal may only specify known properties, and 'started_by' does not exist in type '{ author_id?: string | null | undefined; content: string; id?: string | undefined; posted_at?: string | undefined; title: string; } | { amount?: number | undefined; category: string; created_at?: string | undefined; description: string; id?: string | undefined; project_id: string; status?: string | ... 1 more ... | ...'.
  Overload 2 of 2, '(values: ({ author_id?: string | null | undefined; content: string; id?: string | undefined; posted_at?: string | undefined; title: string; } | { amount?: number | undefined; category: string; ... 4 more ...; status?: string | ... 1 more ... | undefined; } | ... 48 more ... | { ...; })[], options?: { ...; } | undefined): PostgrestFilterBuilder<...>', gave the following error.
    Object literal may only specify known properties, and 'room_id' does not exist in type '({ author_id?: string | null | undefined; content: string; id?: string | undefined; posted_at?: string | undefined; title: string; } | { amount?: number | undefined; category: string; created_at?: string | undefined; description: string; id?: string | undefined; project_id: string; status?: string | ... 1 more ... |...'.
src/hooks/useCallState.ts(159,27): error TS2339: Property 'id' does not exist on type '{ avatar_url: string | null; bio: string | null; craft: string | null; experience: string | null; full_name: string | null; id: string; instagram_url: string | null; location: string | null; ... 6 more ...; youtube_url: string | null; } | ... 49 more ... | { ...; }'.
  Property 'id' does not exist on type '{ created_at: string; project_space_id: string; role: string; user_id: string; }'.
src/hooks/useCallState.ts(229,15): error TS2769: No overload matches this call.
  Overload 1 of 2, '(relation: "calls" | "discussion_rooms" | "profiles" | "room_categories" | "jobs" | "posts" | "project_space_messages" | "conversations" | "post_comments" | "projects" | "film_reviews" | ... 39 more ... | "vendors"): PostgrestQueryBuilder<...>', gave the following error.
    Argument of type '"room_calls"' is not assignable to parameter of type '"calls" | "discussion_rooms" | "profiles" | "room_categories" | "jobs" | "posts" | "project_space_messages" | "conversations" | "post_comments" | "projects" | "film_reviews" | ... 39 more ... | "vendors"'.
  Overload 2 of 2, '(relation: never): PostgrestQueryBuilder<{ PostgrestVersion: "12.2.3 (519615d)"; }, { Tables: { announcements: { Row: { author_id: string | null; content: string; id: string; posted_at: string; title: string; }; Insert: { ...; }; Update: { ...; }; Relationships: []; }; ... 49 more ...; vendors: { ...; }; }; Views: {}; Functions: { ...; }; Enums: { ...; }; CompositeTypes: {}; }, never, never, never>', gave the following error.
    Argument of type '"room_calls"' is not assignable to parameter of type 'never'.
src/hooks/useCallState.ts(257,17): error TS2353: Object literal may only specify known properties, and 'is_audio_enabled' does not exist in type '{ call_id?: string | undefined; id?: string | undefined; joined_at?: string | undefined; left_at?: string | null | undefined; user_id?: string | undefined; }'.
src/hooks/useCallState.ts(271,17): error TS2353: Object literal may only specify known properties, and 'is_video_enabled' does not exist in type '{ call_id?: string | undefined; id?: string | undefined; joined_at?: string | undefined; left_at?: string | null | undefined; user_id?: string | undefined; }'.
src/hooks/useTypingIndicator.ts(13,29): error TS2503: Cannot find namespace 'NodeJS'.
src/lib/api.ts(6,11): error TS2769: No overload matches this call.
  Overload 1 of 2, '(relation: "calls" | "discussion_rooms" | "profiles" | "room_categories" | "jobs" | "posts" | "project_space_messages" | "conversations" | "post_comments" | "projects" | "film_reviews" | ... 39 more ... | "vendors"): PostgrestQueryBuilder<...>', gave the following error.
    Argument of type '"room_join_requests"' is not assignable to parameter of type '"calls" | "discussion_rooms" | "profiles" | "room_categories" | "jobs" | "posts" | "project_space_messages" | "conversations" | "post_comments" | "projects" | "film_reviews" | ... 39 more ... | "vendors"'.
  Overload 2 of 2, '(relation: never): PostgrestQueryBuilder<{ PostgrestVersion: "12.2.3 (519615d)"; }, { Tables: { announcements: { Row: { author_id: string | null; content: string; id: string; posted_at: string; title: string; }; Insert: { ...; }; Update: { ...; }; Relationships: []; }; ... 49 more ...; vendors: { ...; }; }; Views: {}; Functions: { ...; }; Enums: { ...; }; CompositeTypes: {}; }, never, never, never>', gave the following error.
    Argument of type '"room_join_requests"' is not assignable to parameter of type 'never'.
src/lib/api.ts(20,43): error TS2339: Property 'user_id' does not exist on type 'SelectQueryError<"column 'id' does not exist on 'calls'."> | SelectQueryError<"column 'id' does not exist on 'discussion_rooms'."> | ... 48 more ... | SelectQueryError<...>'.
  Property 'user_id' does not exist on type 'SelectQueryError<"column 'id' does not exist on 'calls'.">'.
src/lib/api.ts(34,5): error TS2322: Type '{ id: string; username: string | null; avatar_url: string | null; }' is not assignable to type '{ id: string; username: string; avatar_url: string; }'.
  Types of property 'username' are incompatible.
    Type 'string | null' is not assignable to type 'string'.
      Type 'null' is not assignable to type 'string'.
src/lib/api.ts(40,5): error TS2698: Spread types may only be created from object types.
src/lib/api.ts(41,32): error TS2339: Property 'user_id' does not exist on type 'SelectQueryError<"column 'id' does not exist on 'calls'."> | SelectQueryError<"column 'id' does not exist on 'discussion_rooms'."> | ... 48 more ... | SelectQueryError<...>'.
  Property 'user_id' does not exist on type 'SelectQueryError<"column 'id' does not exist on 'calls'.">'.
src/lib/api.ts(55,55): error TS2769: No overload matches this call.
  Overload 1 of 2, '(relation: "calls" | "discussion_rooms" | "profiles" | "room_categories" | "jobs" | "posts" | "project_space_messages" | "conversations" | "post_comments" | "projects" | "film_reviews" | ... 39 more ... | "vendors"): PostgrestQueryBuilder<...>', gave the following error.
    Argument of type '"room_join_requests"' is not assignable to parameter of type '"calls" | "discussion_rooms" | "profiles" | "room_categories" | "jobs" | "posts" | "project_space_messages" | "conversations" | "post_comments" | "projects" | "film_reviews" | ... 39 more ... | "vendors"'.
  Overload 2 of 2, '(relation: never): PostgrestQueryBuilder<{ PostgrestVersion: "12.2.3 (519615d)"; }, { Tables: { announcements: { Row: { author_id: string | null; content: string; id: string; posted_at: string; title: string; }; Insert: { ...; }; Update: { ...; }; Relationships: []; }; ... 49 more ...; vendors: { ...; }; }; Views: {}; Functions: { ...; }; Enums: { ...; }; CompositeTypes: {}; }, never, never, never>', gave the following error.
    Argument of type '"room_join_requests"' is not assignable to parameter of type 'never'.
src/lib/api.ts(66,41): error TS2769: No overload matches this call.
  Overload 1 of 2, '(relation: "calls" | "discussion_rooms" | "profiles" | "room_categories" | "jobs" | "posts" | "project_space_messages" | "conversations" | "post_comments" | "projects" | "film_reviews" | ... 39 more ... | "vendors"): PostgrestQueryBuilder<...>', gave the following error.
    Argument of type '"room_join_requests"' is not assignable to parameter of type '"calls" | "discussion_rooms" | "profiles" | "room_categories" | "jobs" | "posts" | "project_space_messages" | "conversations" | "post_comments" | "projects" | "film_reviews" | ... 39 more ... | "vendors"'.
  Overload 2 of 2, '(relation: never): PostgrestQueryBuilder<{ PostgrestVersion: "12.2.3 (519615d)"; }, { Tables: { announcements: { Row: { author_id: string | null; content: string; id: string; posted_at: string; title: string; }; Insert: { ...; }; Update: { ...; }; Relationships: []; }; ... 49 more ...; vendors: { ...; }; }; Views: {}; Functions: { ...; }; Enums: { ...; }; CompositeTypes: {}; }, never, never, never>', gave the following error.
    Argument of type '"room_join_requests"' is not assignable to parameter of type 'never'.
src/lib/realtime.ts(15,13): error TS2769: No overload matches this call.
  Overload 1 of 2, '(relation: "calls" | "discussion_rooms" | "profiles" | "room_categories" | "jobs" | "posts" | "project_space_messages" | "conversations" | "post_comments" | "projects" | "film_reviews" | ... 39 more ... | "vendors"): PostgrestQueryBuilder<...>', gave the following error.
    Argument of type 'string' is not assignable to parameter of type '"calls" | "discussion_rooms" | "profiles" | "room_categories" | "jobs" | "posts" | "project_space_messages" | "conversations" | "post_comments" | "projects" | "film_reviews" | ... 39 more ... | "vendors"'.
  Overload 2 of 2, '(relation: never): PostgrestQueryBuilder<{ PostgrestVersion: "12.2.3 (519615d)"; }, { Tables: { announcements: { Row: { author_id: string | null; content: string; id: string; posted_at: string; title: string; }; Insert: { ...; }; Update: { ...; }; Relationships: []; }; ... 49 more ...; vendors: { ...; }; }; Views: {}; Functions: { ...; }; Enums: { ...; }; CompositeTypes: {}; }, never, never, never>', gave the following error.
    Argument of type 'string' is not assignable to parameter of type 'never'.
src/lib/realtime.ts(23,15): error TS2352: Conversion of type '({ avatar_url: string | null; bio: string | null; craft: string | null; experience: string | null; full_name: string | null; id: string; instagram_url: string | null; location: string | null; ... 6 more ...; youtube_url: string | null; } | ... 49 more ... | { ...; })[]' to type 'T[]' may be a mistake because neither type sufficiently overlaps with the other. If this was intentional, convert the expression to 'unknown' first.
  Type '{ avatar_url: string | null; bio: string | null; craft: string | null; experience: string | null; full_name: string | null; id: string; instagram_url: string | null; location: string | null; ... 6 more ...; youtube_url: string | null; } | ... 49 more ... | { ...; }' is not comparable to type 'T'.
    'T' could be instantiated with an arbitrary type which could be unrelated to '{ avatar_url: string | null; bio: string | null; craft: string | null; experience: string | null; full_name: string | null; id: string; instagram_url: string | null; location: string | null; ... 6 more ...; youtube_url: string | null; } | ... 49 more ... | { ...; }'.
src/pages/Analytics.tsx(2,1): error TS6192: All imports in import declaration are unused.
src/pages/CraftPage.tsx(32,26): error TS2345: Argument of type '{ avatar_url: string | null; bio: string | null; craft: string | null; experience: string | null; full_name: string | null; id: string; instagram_url: string | null; location: string | null; ... 6 more ...; youtube_url: string | null; }[]' is not assignable to parameter of type 'SetStateAction<Profile[]>'.
  Type '{ avatar_url: string | null; bio: string | null; craft: string | null; experience: string | null; full_name: string | null; id: string; instagram_url: string | null; location: string | null; ... 6 more ...; youtube_url: string | null; }[]' is not assignable to type 'Profile[]'.
    Type '{ avatar_url: string | null; bio: string | null; craft: string | null; experience: string | null; full_name: string | null; id: string; instagram_url: string | null; location: string | null; ... 6 more ...; youtube_url: string | null; }' is not assignable to type 'Profile'.
      Types of property 'social_links' are incompatible.
        Type 'Json' is not assignable to type '{ instagram?: string | undefined; linkedin?: string | undefined; twitter?: string | undefined; facebook?: string | undefined; } | null | undefined'.
          Type 'string' has no properties in common with type '{ instagram?: string | undefined; linkedin?: string | undefined; twitter?: string | undefined; facebook?: string | undefined; }'.
src/pages/Explore.tsx(3,10): error TS6133: 'Search' is declared but its value is never read.
src/pages/Explore.tsx(77,45): error TS2769: No overload matches this call.
  Overload 1 of 2, '(relation: "calls" | "discussion_rooms" | "profiles" | "room_categories" | "jobs" | "posts" | "project_space_messages" | "conversations" | "post_comments" | "projects" | "film_reviews" | ... 39 more ... | "vendors"): PostgrestQueryBuilder<...>', gave the following error.
    Argument of type '"saved_searches"' is not assignable to parameter of type '"calls" | "discussion_rooms" | "profiles" | "room_categories" | "jobs" | "posts" | "project_space_messages" | "conversations" | "post_comments" | "projects" | "film_reviews" | ... 39 more ... | "vendors"'.
  Overload 2 of 2, '(relation: never): PostgrestQueryBuilder<{ PostgrestVersion: "12.2.3 (519615d)"; }, { Tables: { announcements: { Row: { author_id: string | null; content: string; id: string; posted_at: string; title: string; }; Insert: { ...; }; Update: { ...; }; Relationships: []; }; ... 49 more ...; vendors: { ...; }; }; Views: {}; Functions: { ...; }; Enums: { ...; }; CompositeTypes: {}; }, never, never, never>', gave the following error.
    Argument of type '"saved_searches"' is not assignable to parameter of type 'never'.
src/pages/Index.tsx(11,9): error TS6133: 'user' is declared but its value is never read.
src/pages/Network.tsx(146,23): error TS2322: Type '{ connection_status: "none" | "pending_sent" | "pending_received" | "connected"; connection_id: string | undefined; avatar_url: string | null; bio: string | null; craft: string | null; ... 11 more ...; youtube_url: string | null; }' is not assignable to type '{ id: string; avatar_url: string; full_name: string; username: string; craft: string; connection_status?: "none" | "pending_sent" | "pending_received" | "connected" | undefined; }'.
  Types of property 'avatar_url' are incompatible.
    Type 'string | null' is not assignable to type 'string'.
      Type 'null' is not assignable to type 'string'.
src/pages/Network.tsx(207,27): error TS2322: Type '{ follower_profile: { avatar_url: string | null; bio: string | null; craft: string | null; experience: string | null; full_name: string | null; id: string; instagram_url: string | null; ... 7 more ...; youtube_url: string | null; } | undefined; ... 5 more ...; status: string; }' is not assignable to type 'Connection'.
  Types of property 'status' are incompatible.
    Type 'string' is not assignable to type '"pending" | "accepted"'.
